// Jest Snapshot v1, https://goo.gl/fbAQLP

exports[`index.tsx initialisation renders without crashing 1`] = `"{\\"_reactInternalInstance\\":\\"censored\\"}"`;
